node.exe : [1m[33m[ba
seline-browser-mapping]
 The data in this 
module is over two 
months old.  To ensure 
accurate Baseline 
data, please update: 
`npm i baseline-browser
-mapping@latest 
-D`[39m[22m
At C:\Program Files\nod
ejs\npx.ps1:29 char:3
+   & $NODE_EXE 
$NPX_CLI_JS $args
+   ~~~~~~~~~~~~~~~~~~~
~~~~~~~~~~
    + CategoryInfo     
         : NotSpecifi  
  ed: ([1m[33m[bas   
 el...t -D`[39m[2    
2m:String) [], Rem    
oteException
    + FullyQualifiedEr 
   rorId : NativeComm  
  andError
 
[33mΓ¥»[39m Building...
[baseline-browser-mappi
ng] The data in this 
module is over two 
months old.  To ensure 
accurate Baseline 
data, please update: 
`npm i baseline-browser
-mapping@latest -D`
[baseline-browser-mappi
ng] The data in this 
module is over two 
months old.  To ensure 
accurate Baseline 
data, please update: 
`npm i baseline-browser
-mapping@latest -D`
[baseline-browser-mappi
ng] The data in this 
module is over two 
months old.  To ensure 
accurate Baseline 
data, please update: 
`npm i baseline-browser
-mapping@latest -D`
[baseline-browser-mappi
ng] The data in this 
module is over two 
months old.  To ensure 
accurate Baseline 
data, please update: 
`npm i baseline-browser
-mapping@latest -D`
[32mΓ£ö[39m Building...
[1mInitial chunk files[22m            [2m | [22m[1mNames[22m                       [2m | [22m [1mRaw size[22m
[32mchunk-KBHP5MOT.js[39m              [2m | [22m[2m-[22m                           [2m | [22m  [36m2.26 MB[39m[2m | [22m
[32mpolyfills.js[39m                   [2m | [22m[2mpolyfills[22m                   [2m | [22m  [36m1.03 MB[39m[2m | [22m
[32mchunk-K33QTXTX.js[39m              [2m | [22m[2m-[22m                           [2m | [22m[36m252.70 kB[39m[2m | [22m
[32mchunk-FFRJ3GK3.js[39m              [2m | [22m[2m-[22m                           [2m | [22m[36m242.32 kB[39m[2m | [22m
[32mchunk-MZ5XD24Y.js[39m              [2m | [22m[2m-[22m                           [2m | [22m[36m239.68 kB[39m[2m | [22m
[32mspec-chat-detail.spec.js[39m       [2m | [22m[2mspec-chat-detail.spec[22m       [2m | [22m[36m186.90 kB[39m[2m | [22m
[32mchunk-ICONLAJO.js[39m              [2m | [22m[2m-[22m                           [2m | [22m[36m150.93 kB[39m[2m | [22m
[32mspec-home.spec.js[39m              [2m | [22m[2mspec-home.spec[22m              [2m | [22m[36m141.90 kB[39m[2m | [22m
[32mchunk-N7VRVTGI.js[39m              [2m | [22m[2m-[22m                           [2m | [22m [36m95.96 kB[39m[2m | [22m
[32mspec-account.spec.js[39m           [2m | [22m[2mspec-account.spec[22m           [2m | [22m [36m87.82 kB[39m[2m | [22m
[32mjasmine-cleanup-1.js[39m           [2m | [22m[2mjasmine-cleanup-1[22m           [2m | [22m [36m67.20 kB[39m[2m | [22m
[32mspec-search.spec.js[39m            [2m | [22m[2mspec-search.spec[22m            [2m | [22m [36m61.54 kB[39m[2m | [22m
[32mspec-notifications.spec.js[39m     [2m | [22m[2mspec-notifications.spec[22m     [2m | [22m [36m54.82 kB[39m[2m | [22m
[32mspec-chats.spec.js[39m             [2m | [22m[2mspec-chats.spec[22m             [2m | [22m [36m42.44 kB[39m[2m | [22m
[32mspec-sign-up.spec.js[39m           [2m | [22m[2mspec-sign-up.spec[22m           [2m | [22m [36m26.92 kB[39m[2m | [22m
[32mchunk-PMUTJFMK.js[39m              [2m | [22m[2m-[22m                           [2m | [22m [36m25.12 kB[39m[2m | [22m
[32mspec-login.spec.js[39m             [2m | [22m[2mspec-login.spec[22m             [2m | [22m [36m21.98 kB[39m[2m | [22m
[32mtest_main.js[39m                   [2m | [22m[2mtest_main[22m                   [2m | [22m [36m21.81 kB[39m[2m | [22m
[32mchunk-TR5JGRJ2.js[39m              [2m | [22m[2m-[22m                           [2m | [22m [36m12.23 kB[39m[2m | [22m
[32mchunk-D3KSRCJ5.js[39m              [2m | [22m[2m-[22m                           [2m | [22m [36m11.95 kB[39m[2m | [22m
[32mchunk-2IJVXUIZ.js[39m              [2m | [22m[2m-[22m                           [2m | [22m [36m11.04 kB[39m[2m | [22m
[32mspec-app.spec.js[39m               [2m | [22m[2mspec-app.spec[22m               [2m | [22m  [36m4.18 kB[39m[2m | [22m
[32mspec-friendship.service.spec.js[39m[2m | [22m[2mspec-friendship.service.spec[22m[2m | [22m  [36m4.06 kB[39m[2m | [22m
[32mchunk-HBW54YOI.js[39m              [2m | [22m[2m-[22m                           [2m | [22m  [36m3.02 kB[39m[2m | [22m
[32mjasmine-cleanup-0.js[39m           [2m | [22m[2mjasmine-cleanup-0[22m           [2m | [22m[36m519 bytes[39m[2m | [22m
[32mstyles.css[39m                     [2m | [22m[2mstyles[22m                      [2m | [22m[36m158 bytes[39m[2m | [22m

[1m [22m                              [2m | [22m[1mInitial total[22m               [2m | [22m  [1m5.06 MB[22m

Application bundle generation complete. [2.218 seconds] - 2026-03-26T00:27:07.340Z

[32m25 03 2026 19:27:07.623:INFO [karma-server]: [39mKarma v6.4.4 server started at http://localhost:9876/
[32m25 03 2026 19:27:07.624:INFO [launcher]: [39mLaunching browsers ChromeHeadless with concurrency unlimited
[32m25 03 2026 19:27:07.629:INFO [launcher]: [39mStarting browser ChromeHeadless
[32m25 03 2026 19:27:08.784:INFO [Chrome Headless 146.0.0.0 (Windows 10)]: [39mConnected on socket labh5OxHzYPGCL8GAAAB with id 76537008
Chrome Headless 146.0.0.0 (Windows 10): Executed 0 of 56[32m SUCCESS[39m (0 secs / 0 secs)
[1A[2KChrome Headless 146.0.0.0 (Windows 10): Executed 1 of 56[32m SUCCESS[39m (0 secs / 0.009 secs)
[1A[2KChrome Headless 146.0.0.0 (Windows 10): Executed 2 of 56[32m SUCCESS[39m (0 secs / 0.01 secs)
[1A[2KChrome Headless 146.0.0.0 (Windows 10): Executed 3 of 56[32m SUCCESS[39m (0 secs / 0.011 secs)
[1A[2KChrome Headless 146.0.0.0 (Windows 10): Executed 4 of 56[32m SUCCESS[39m (0 secs / 0.012 secs)
[1A[2KChrome Headless 146.0.0.0 (Windows 10): Executed 5 of 56[32m SUCCESS[39m (0 secs / 0.014 secs)
[1A[2KChrome Headless 146.0.0.0 (Windows 10): Executed 6 of 56[32m SUCCESS[39m (0 secs / 0.015 secs)
[1A[2KChrome Headless 146.0.0.0 (Windows 10): Executed 7 of 56[32m SUCCESS[39m (0 secs / 0.016 secs)
[1A[2KChrome Headless 146.0.0.0 (Windows 10): Executed 8 of 56[32m SUCCESS[39m (0 secs / 0.253 secs)
[1A[2KWARN: [36m'No hay usuario logueado'[39m
Chrome Headless 146.0.0.0 (Windows 10): Executed 8 of 56[32m SUCCESS[39m (0 secs / 0.253 secs)
WARN: 'No hay usuario logueado'
[1A[2KChrome Headless 146.0.0.0 (Windows 10): Executed 9 of 56[32m SUCCESS[39m (0 secs / 0.265 secs)
[1A[2KLOG: [36m'User from localStorage:', null[39m
Chrome Headless 146.0.0.0 (Windows 10): Executed 9 of 56[32m SUCCESS[39m (0 secs / 0.265 secs)
LOG: 'User from localStorage:', null
[1A[2KWARN: [36m'No user found in localStorage'[39m
Chrome Headless 146.0.0.0 (Windows 10): Executed 9 of 56[32m SUCCESS[39m (0 secs / 0.265 secs)
WARN: 'No user found in localStorage'
[1A[2KChrome Headless 146.0.0.0 (Windows 10): Executed 10 of 56[32m SUCCESS[39m (0 secs / 0.295 secs)
[1A[2K[31mChrome Headless 146.0.0.0 (Windows 10) ChatDetail Component Friends and Participants should handle loadFriends error FAILED[39m
	Error: <spyOn> : error has already been spied upon
	Usage: spyOn(<object>, <methodName>)
	    at <Jasmine>
	    at UserContext.<anonymous> (src/app/fearues/pages/chat-detail/chat-detail.spec.ts:268:7)
	    at _ZoneDelegate.invoke (node_modules/zone.js/fesm2015/zone.js:398:28)
	    at _ProxyZoneSpec.onInvoke (node_modules/zone.js/fesm2015/zone-testing.js:2132:39)
	    at _ZoneDelegate.invoke (node_modules/zone.js/fesm2015/zone.js:397:34)
	    at ZoneImpl.run (node_modules/zone.js/fesm2015/zone.js:113:43)
	    at runInTestZone (node_modules/zone.js/fesm2015/zone-testing.js:216:38)
	    at UserContext.<anonymous> (node_modules/zone.js/fesm2015/zone-testing.js:234:32)
Chrome Headless 146.0.0.0 (Windows 10): Executed 11 of 56[31m (1 FAILED)[39m (0 secs / 0.33 secs)
[1A[2KLOG: [36m'Respuesta de amigos:', Object{success: true, friends: [Object{id: ..., nombre: ..., apellido: ..., email: ..., imagenPerfil: ...}, Object{ID: ..., NOMBRE: ..., APELLIDO: ..., EMAIL: ..., IMAGEN_PERFIL: ...}, Object{ID_USUARIO: ..., IMAGENPERFIL: ...}]}[39m
Chrome Headless 146.0.0.0 (Windows 10): Executed 11 of 56[31m (1 FAILED)[39m (0 secs / 0.33 secs)
LOG: 'Respuesta de amigos:', Object{success: true, friends: [Object{id: ..., nombre: ..., apellido: ..., email: ..., imagenPerfil: ...}, Object{ID: ..., NOMBRE: ..., APELLIDO: ..., EMAIL: ..., IMAGEN_PERFIL: ...}, Object{ID_USUARIO: ..., IMAGENPERFIL: ...}]}
[1A[2KLOG: [36m'Amigo normalizado:', Object{id: 1, nombre: 'A', apellido: 'B', email: 'E', imagenPerfil: 'I', isParticipante: false}[39m
Chrome Headless 146.0.0.0 (Windows 10): Executed 11 of 56[31m (1 FAILED)[39m (0 secs / 0.33 secs)
LOG: 'Amigo normalizado:', Object{id: 1, nombre: 'A', apellido: 'B', email: 'E', imagenPerfil: 'I', isParticipante: false}
[1A[2KLOG: [36m'Amigo normalizado:', Object{id: 2, nombre: 'C', apellido: 'D', email: 'F', imagenPerfil: 'J', isParticipante: false}[39m
Chrome Headless 146.0.0.0 (Windows 10): Executed 11 of 56[31m (1 FAILED)[39m (0 secs / 0.33 secs)
LOG: 'Amigo normalizado:', Object{id: 2, nombre: 'C', apellido: 'D', email: 'F', imagenPerfil: 'J', isParticipante: false}
[1A[2KLOG: [36m'Amigo normalizado:', Object{id: 3, nombre: undefined, apellido: undefined, email: undefined, imagenPerfil: 'K', isParticipante: false}[39m
Chrome Headless 146.0.0.0 (Windows 10): Executed 11 of 56[31m (1 FAILED)[39m (0 secs / 0.33 secs)
LOG: 'Amigo normalizado:', Object{id: 3, nombre: undefined, apellido: undefined, email: undefined, imagenPerfil: 'K', isParticipante: false}
[1A[2KLOG: [36m'Lista final de amigos:', [Object{id: 1, nombre: 'A', apellido: 'B', email: 'E', imagenPerfil: 'I', isParticipante: false}, Object{id: 2, nombre: 'C', apellido: 'D', email: 'F', imagenPerfil: 'J', isParticipante: false}, Object{id: 3, nombre: undefined, apellido: undefined, email: undefined, imagenPerfil: 'K', isParticipante: false}][39m
Chrome Headless 146.0.0.0 (Windows 10): Executed 11 of 56[31m (1 FAILED)[39m (0 secs / 0.33 secs)
LOG: 'Lista final de amigos:', [Object{id: 1, nombre: 'A', apellido: 'B', email: 'E', imagenPerfil: 'I', isParticipante: false}, Object{id: 2, nombre: 'C', apellido: 'D', email: 'F', imagenPerfil: 'J', isParticipante: false}, Object{id: 3, nombre: undefined, apellido: undefined, email: undefined, imagenPerfil: 'K', isParticipante: false}]
[1A[2KChrome Headless 146.0.0.0 (Windows 10): Executed 12 of 56[31m (1 FAILED)[39m (0 secs / 0.333 secs)
[1A[2KChrome Headless 146.0.0.0 (Windows 10): Executed 13 of 56[31m (1 FAILED)[39m (0 secs / 0.336 secs)
[1A[2KChrome Headless 146.0.0.0 (Windows 10): Executed 14 of 56[31m (1 FAILED)[39m (0 secs / 0.338 secs)
[1A[2KChrome Headless 146.0.0.0 (Windows 10): Executed 15 of 56[31m (1 FAILED)[39m (0 secs / 0.34 secs)
[1A[2K[31mChrome Headless 146.0.0.0 (Windows 10) ChatDetail Component User Actions and Logic should simulate sending a message FAILED[39m
	Expected spy log to have been called with:
	  [ 'Mensaje simulado:', 'Hello' ]
	but actual calls were:
	  [ 'Mensaje simulado:', '  Hello  ' ].
	
	Call 0:
	  Expected $[1] = '  Hello  ' to equal 'Hello'.
	Error: Expected spy log to have been called with:
	  [ 'Mensaje simulado:', 'Hello' ]
	but actual calls were:
	  [ 'Mensaje simulado:', '  Hello  ' ].
	Call 0:
	  Expected $[1] = '  Hello  ' to equal 'Hello'.
	    at <Jasmine>
	    at UserContext.<anonymous> (src/app/fearues/pages/chat-detail/chat-detail.spec.ts:118:27)
	    at _ZoneDelegate.invoke (node_modules/zone.js/fesm2015/zone.js:398:28)
	    at _ProxyZoneSpec.onInvoke (node_modules/zone.js/fesm2015/zone-testing.js:2132:39)
	    at _ZoneDelegate.invoke (node_modules/zone.js/fesm2015/zone.js:397:34)
Chrome Headless 146.0.0.0 (Windows 10): Executed 16 of 56[31m (2 FAILED)[39m (0 secs / 0.343 secs)
[1A[2KChrome Headless 146.0.0.0 (Windows 10): Executed 17 of 56[31m (2 FAILED)[39m (0 secs / 0.345 secs)
[1A[2KChrome Headless 146.0.0.0 (Windows 10): Executed 18 of 56[31m (2 FAILED)[39m (0 secs / 0.347 secs)
[1A[2KChrome Headless 146.0.0.0 (Windows 10): Executed 19 of 56[31m (2 FAILED)[39m (0 secs / 0.35 secs)
[1A[2KChrome Headless 146.0.0.0 (Windows 10): Executed 20 of 56[31m (2 FAILED)[39m (0 secs / 0.352 secs)
[1A[2KChrome Headless 146.0.0.0 (Windows 10): Executed 21 of 56[31m (2 FAILED)[39m (0 secs / 0.354 secs)
[1A[2KChrome Headless 146.0.0.0 (Windows 10): Executed 22 of 56[31m (2 FAILED)[39m (0 secs / 0.356 secs)
[1A[2KChrome Headless 146.0.0.0 (Windows 10): Executed 23 of 56[31m (2 FAILED)[39m (0 secs / 0.358 secs)
[1A[2KChrome Headless 146.0.0.0 (Windows 10): Executed 24 of 56[31m (2 FAILED)[39m (0 secs / 0.36 secs)
[1A[2KChrome Headless 146.0.0.0 (Windows 10): Executed 25 of 56[31m (2 FAILED)[39m (0 secs / 0.362 secs)
[1A[2K[31mChrome Headless 146.0.0.0 (Windows 10) ChatDetail Component User Actions and Logic should prevent non-creator from eliminating encounter FAILED[39m
	Expected spy fire to have been called with:
	  [ <jasmine.objectContaining(Object({ title: 'No tienes permiso' }))> ]
	but actual calls were:
	  [ Object({ icon: 'error', title: 'Error', text: 'No se pudo identificar el usuario o encuentro actual' }) ].
	
	Call 0:
	  Expected $[0].title = 'Error' to equal 'No tienes permiso'.
	Error: Expected spy fire to have been called with:
	  [ <jasmine.objectContaining(Object({ title: 'No tienes permiso' }))> ]
	but actual calls were:
	  [ Object({ icon: 'error', title: 'Error', text: 'No se pudo identificar el usuario o encuentro actual' }) ].
	Call 0:
	  Expected $[0].title = 'Error' to equal 'No tienes permiso'.
	    at <Jasmine>
	    at UserContext.<anonymous> (src/app/fearues/pages/chat-detail/chat-detail.spec.ts:250:25)
	    at _ZoneDelegate.invoke (node_modules/zone.js/fesm2015/zone.js:398:28)
	    at _ProxyZoneSpec.onInvoke (node_modules/zone.js/fesm2015/zone-testing.js:2132:39)
	    at _ZoneDelegate.invoke (node_modules/zone.js/fesm2015/zone.js:397:34)
Chrome Headless 146.0.0.0 (Windows 10): Executed 26 of 56[31m (3 FAILED)[39m (0 secs / 0.365 secs)
[1A[2K[31mChrome Headless 146.0.0.0 (Windows 10) ChatDetail Component User Actions and Logic should prevent creator from leaving encounter FAILED[39m
	Expected spy fire to have been called with:
	  [ <jasmine.objectContaining(Object({ title: 'No puedes salir' }))> ]
	but actual calls were:
	  [ Object({ icon: 'error', title: 'Error', text: 'No se pudo identificar el usuario o encuentro actual' }) ].
	
	Call 0:
	  Expected $[0].title = 'Error' to equal 'No puedes salir'.
	Error: Expected spy fire to have been called with:
	  [ <jasmine.objectContaining(Object({ title: 'No puedes salir' }))> ]
	but actual calls were:
	  [ Object({ icon: 'error', title: 'Error', text: 'No se pudo identificar el usuario o encuentro actual' }) ].
	Call 0:
	  Expected $[0].title = 'Error' to equal 'No puedes salir'.
	    at <Jasmine>
	    at UserContext.<anonymous> (src/app/fearues/pages/chat-detail/chat-detail.spec.ts:243:25)
	    at _ZoneDelegate.invoke (node_modules/zone.js/fesm2015/zone.js:398:28)
	    at _ProxyZoneSpec.onInvoke (node_modules/zone.js/fesm2015/zone-testing.js:2132:39)
	    at _ZoneDelegate.invoke (node_modules/zone.js/fesm2015/zone.js:397:34)
Chrome Headless 146.0.0.0 (Windows 10): Executed 27 of 56[31m (4 FAILED)[39m (0 secs / 0.367 secs)
[1A[2K[31mChrome Headless 146.0.0.0 (Windows 10) ERROR[39m
  An error was thrown in afterAll
  TypeError: Cannot read properties of undefined (reading 'subscribe')
      at ChatDetail2.loadEncuentro (src/app/fearues/pages/chat-detail/chat-detail.ts:93:77)
      at Object.next (src/app/fearues/pages/chat-detail/chat-detail.ts:407:14)
      at ConsumerObserver.next (node_modules/rxjs/src/internal/Subscriber.ts:155:25)
      at SafeSubscriber._next (node_modules/rxjs/src/internal/Subscriber.ts:113:22)
      at SafeSubscriber.next (node_modules/rxjs/src/internal/Subscriber.ts:71:12)
      at _Observable._subscribe (node_modules/rxjs/src/internal/observable/innerFrom.ts:78:18)
      at _Observable._trySubscribe (node_modules/rxjs/src/internal/Observable.ts:235:19)
      at node_modules/rxjs/src/internal/Observable.ts:225:18
      at errorContext (node_modules/rxjs/src/internal/util/errorContext.ts:29:5)
      at _Observable.subscribe (node_modules/rxjs/src/internal/Observable.ts:211:5)
Chrome Headless 146.0.0.0 (Windows 10): Executed 27 of 56[31m (4 FAILED)[39m[31m ERROR[39m (0 secs / 0.367 secs)
Chrome Headless 146.0.0.0 (Windows 10) ERROR
  An error was thrown in afterAll
  TypeError: Cannot read properties of undefined (reading 'subscribe')
      at ChatDetail2.loadEncuentro (src/app/fearues/pages/chat-detail/chat-detail.ts:93:77)
      at Object.next (src/app/fearues/pages/chat-detail/chat-detail.ts:407:14)
      at ConsumerObserver.next (node_modules/rxjs/src/internal/Subscriber.ts:155:25)
      at SafeSubscriber._next (node_modules/rxjs/src/internal/Subscriber.ts:113:22)
      at SafeSubscriber.next (node_modules/rxjs/src/internal/Subscriber.ts:71:12)
      at _Observable._subscribe (node_modules/rxjs/src/internal/observable/innerFrom.ts:78:18)
      at _Observable._trySubscribe (node_modules/rxjs/src/internal/Observable.ts:235:19)
      at node_modules/rxjs/src/internal/Observable.ts:225:18
      at errorContext (node_modules/rxjs/src/internal/util/errorContext.ts:29:5)
      at _Observable.subscribe (node_modules/rxjs/src/internal/Observable.ts:211:5)
[1A[2KChrome Headless 146.0.0.0 (Windows 10): Executed 27 of 56[31m (4 FAILED)[39m[31m ERROR[39m (0.386 secs / 0.367 secs)

=============================== Coverage summary ===============================
Statements   : Unknown% ( 0/0 )
Branches     : Unknown% ( 0/0 )
Functions    : Unknown% ( 0/0 )
Lines        : Unknown% ( 0/0 )
================================================================================
[1A[2K[31mChrome Headless 146.0.0.0 (Windows 10) ChatDetail Component Initialization (ngOnInit) should handle participants loading errors gracefully FAILED[39m
	Error: <spyOn> : error has already been spied upon
	Usage: spyOn(<object>, <methodName>)
	    at <Jasmine>
	    at UserContext.<anonymous> (src/app/fearues/pages/chat-detail/chat-detail.spec.ts:102:7)
	    at _ZoneDelegate.invoke (node_modules/zone.js/fesm2015/zone.js:398:28)
	    at _ProxyZoneSpec.onInvoke (node_modules/zone.js/fesm2015/zone-testing.js:2132:39)
	    at _ZoneDelegate.invoke (node_modules/zone.js/fesm2015/zone.js:397:34)
	    at ZoneImpl.run (node_modules/zone.js/fesm2015/zone.js:113:43)
	    at runInTestZone (node_modules/zone.js/fesm2015/zone-testing.js:216:38)
	    at UserContext.<anonymous> (node_modules/zone.js/fesm2015/zone-testing.js:234:32)
Chrome Headless 146.0.0.0 (Windows 10): Executed 28 of 56[31m (5 FAILED)[39m[31m ERROR[39m (0.386 secs / 0.37 secs)
[1A[2KChrome Headless 146.0.0.0 (Windows 10): Executed 29 of 56[31m (5 FAILED)[39m[31m ERROR[39m (0.386 secs / 0.372 secs)
[1A[2KLOG: [36m'Participantes detalle:', Object{id: 1, titulo: 'Test', idCreador: 100}[39m
Chrome Headless 146.0.0.0 (Windows 10): Executed 29 of 56[31m (5 FAILED)[39m[31m ERROR[39m (0.386 secs / 0.372 secs)
LOG: 'Participantes detalle:', Object{id: 1, titulo: 'Test', idCreador: 100}
[1A[2KLOG: [36m'Participantes con aportes:', Object{id: 1, titulo: 'Test', idCreador: 100}[39m
Chrome Headless 146.0.0.0 (Windows 10): Executed 29 of 56[31m (5 FAILED)[39m[31m ERROR[39m (0.386 secs / 0.372 secs)
LOG: 'Participantes con aportes:', Object{id: 1, titulo: 'Test', idCreador: 100}
[1A[2KChrome Headless 146.0.0.0 (Windows 10): Executed 30 of 56[31m (5 FAILED)[39m[31m ERROR[39m (0.386 secs / 0.375 secs)
[1A[2KLOG: [36m'Participantes detalle:', [][39m
Chrome Headless 146.0.0.0 (Windows 10): Executed 30 of 56[31m (5 FAILED)[39m[31m ERROR[39m (0.386 secs / 0.375 secs)
LOG: 'Participantes detalle:', []
[1A[2KLOG: [36m'Participantes con aportes:', [][39m
Chrome Headless 146.0.0.0 (Windows 10): Executed 30 of 56[31m (5 FAILED)[39m[31m ERROR[39m (0.386 secs / 0.375 secs)
LOG: 'Participantes con aportes:', []
[1A[2KChrome Headless 146.0.0.0 (Windows 10): Executed 31 of 56[31m (5 FAILED)[39m[31m ERROR[39m (0.386 secs / 0.378 secs)
[1A[2KChrome Headless 146.0.0.0 (Windows 10): Executed 32 of 56[31m (5 FAILED)[39m[31m ERROR[39m (0.386 secs / 0.38 secs)
[1A[2KChrome Headless 146.0.0.0 (Windows 10): Executed 33 of 56[31m (5 FAILED)[39m[31m ERROR[39m (0.386 secs / 0.382 secs)
[1A[2KChrome Headless 146.0.0.0 (Windows 10): Executed 34 of 56[31m (5 FAILED)[39m[31m ERROR[39m (0.386 secs / 0.384 secs)
[1A[2KChrome Headless 146.0.0.0 (Windows 10): Executed 35 of 56[31m (5 FAILED)[39m[31m ERROR[39m (0.386 secs / 0.386 secs)
[1A[2KChrome Headless 146.0.0.0 (Windows 10): Executed 36 of 56[31m (5 FAILED)[39m[31m ERROR[39m (0.386 secs / 0.39 secs)
[1A[2KChrome Headless 146.0.0.0 (Windows 10): Executed 37 of 56[31m (5 FAILED)[39m[31m ERROR[39m (0.386 secs / 0.402 secs)
[1A[2K[31mChrome Headless 146.0.0.0 (Windows 10) ERROR[39m
  Disconnected , because no message in 30000 ms.
Chrome Headless 146.0.0.0 (Windows 10): Executed 37 of 56[31m (5 FAILED)[39m[31m DISCONNECTED[39m (30.439 secs / 0.402 secs)
Chrome Headless 146.0.0.0 (Windows 10) ERROR
  Disconnected , because no message in 30000 ms.
[1A[2KChrome Headless 146.0.0.0 (Windows 10): Executed 37 of 56[31m (5 FAILED)[39m[31m DISCONNECTED[39m (30.439 secs / 0.402 secs)

=============================== Coverage summary ===============================
Statements   : Unknown% ( 0/0 )
Branches     : Unknown% ( 0/0 )
Functions    : Unknown% ( 0/0 )
Lines        : Unknown% ( 0/0 )
================================================================================
node:internal/webstream
s/readablestream:1077
      throw new ERR_INV
ALID_STATE.TypeError('C
ontroller is already 
closed');
      ^

TypeError 
[ERR_INVALID_STATE]: 
Invalid state: 
Controller is already 
closed
    at ReadableStreamDe
faultController.enqueue
 (node:internal/webstre
ams/readablestream:1077
:13)
    at C:\Users\parra\D
ownloads\WEB\DESAROLLO 
WEB ESTEBAN\Encuentros-
front\Encuentros-Front\
node_modules\@angular\b
uild\src\builders\karma
\application_builder.js
:266:28
    at 
removeAllListeners (C:\
Users\parra\Downloads\W
EB\DESAROLLO WEB ESTEBA
N\Encuentros-front\Encu
entros-Front\node_modul
es\karma\lib\server.js:
468:9)
    at C:\Users\parra\D
ownloads\WEB\DESAROLLO 
WEB ESTEBAN\Encuentros-
front\Encuentros-Front\
node_modules\karma\lib\
server.js:475:9
    at Server.close 
(node:net:2358:9)
    at 
Object.onceWrapper 
(node:events:632:28)
    at Server.emit 
(node:events:518:28)
    at emitCloseNT 
(node:net:2418:8)
    at process.processT
icksAndRejections (node
:internal/process/task_
queues:89:21) {
  code: 
'ERR_INVALID_STATE'
}

Node.js v22.16.0
